[www.cafezouk.com/index.html]
[backblue.gif]
[fade.gif]
[index.html]
[www.cafezouk.com/js/modernizr.js]
[www.google-analytics.com/analytics.js]
[www.cafezouk.com/favicon-32x32.png]
[www.cafezouk.com/favicon-16x16.png]
[www.cafezouk.com/index-2.html]
[www.cafezouk.com/images/logo/logo-restaurant-w.png]
[www.cafezouk.com/images/logo/logo-restaurant.png]
[www.cafezouk.com/order-online.html]
[www.cafezouk.com/images/hero-img/banner-banks-2.jpg]
[www.cafezouk.com/images/hero-img/5.jpg]
[www.cafezouk.com/images/hero-img/3.jpg]
[www.cafezouk.com/images/hero-img/1.jpg]
[www.cafezouk.com/images/hero-img/6.jpg]
[www.cafezouk.com/images/hero-img/7.jpg]
[www.cafezouk.com/images/hero-img/4.jpg]
[www.cafezouk.com/images/The Restaurant/TheRest.jpg]
[www.cafezouk.com/images/Special Dishes/Sp1.jpg]
[www.cafezouk.com/images/Special Dishes/Sp10.jpg]
[www.cafezouk.com/images/Special Dishes/Sp5.jpg]
[www.cafezouk.com/images/Special Dishes/Sp6.jpg]
[www.cafezouk.com/images/Special Dishes/Sp9.jpg]
[www.cafezouk.com/images/Special Dishes/Sp8.jpg]
[www.cafezouk.com/images/Special Dishes/Sp4.jpg]
[www.cafezouk.com/images/Special Dishes/Sp7.jpg]
[www.cafezouk.com/images/Special Dishes/Sp11.jpg]
[www.cafezouk.com/food-menu/item-1.html]
[www.cafezouk.com/images/Menu/M1a.jpg]
[www.cafezouk.com/images/Menu/M1.jpg]
[www.cafezouk.com/images/icons/102.png]
[www.cafezouk.com/food-menu/item-2.html]
[www.cafezouk.com/images/Menu/Burgers Big.jpg]
[www.cafezouk.com/images/Menu/Burgers Small.jpg]
[www.cafezouk.com/images/icons/55.png]
[www.cafezouk.com/food-menu/item-3.html]
[www.cafezouk.com/images/icons/129a.png]
[www.cafezouk.com/images/Menu/Italian Pasta Big.jpg]
[www.cafezouk.com/images/Menu/Italian-Pasta-Small.jpg]
[www.cafezouk.com/food-menu/item-4.html]
[www.cafezouk.com/images/icons/176.png]
[www.cafezouk.com/images/Menu/Seafood Big.jpg]
[www.cafezouk.com/images/Menu/Seafood Small.jpg]
[www.cafezouk.com/food-menu/item-5.html]
[www.cafezouk.com/images/Menu/M3a.jpg]
[www.cafezouk.com/images/Menu/M3.jpg]
[www.cafezouk.com/images/icons/129.png]
[www.cafezouk.com/food-menu/item-6.html]
[www.cafezouk.com/images/Menu/M5a.jpg]
[www.cafezouk.com/images/Menu/M5.jpg]
[www.cafezouk.com/images/icons/146.png]
[www.cafezouk.com/food-menu/item-7.html]
[www.cafezouk.com/images/icons/119.png]
[www.cafezouk.com/images/Menu/M7a.jpg]
[www.cafezouk.com/images/Menu/M7.jpg]
[www.cafezouk.com/food-menu/item-8.html]
[www.cafezouk.com/images/icons/185.png]
[www.cafezouk.com/images/Menu/M6a.jpg]
[www.cafezouk.com/images/Menu/M6.jpg]
[www.cafezouk.com/zoukbg.mp3]
[www.cafezouk.com/js/jquery.v1.11.3.js]
[www.cafezouk.com/js/jquery-ui.min.js]
[cdnjs.cloudflare.com/ajax/libs/gsap/latest/TweenMax.min.js]
[www.cafezouk.com/js/jquery.stellar.min.js]
[www.cafezouk.com/js/classie.js]
[www.cafezouk.com/js/selectFx.js]
[www.cafezouk.com/js/jquery.mThumbnailScroller.min.js]
[www.cafezouk.com/js/twitter-fitcher.js]
[www.cafezouk.com/js/jquery.bxslider.min.js]
[www.cafezouk.com/js/map-script.js]
[www.cafezouk.com/quform/js/plugins.js]
[www.cafezouk.com/quform/js/scripts.js]
[www.cafezouk.com/js/velocity.min.js]
[www.cafezouk.com/js/jquery.animsition.js]
[www.cafezouk.com/revolution/js/jquery.themepunch.tools.min.js]
[www.cafezouk.com/revolution/js/jquery.themepunch.revolution.min.js]
[www.cafezouk.com/js/timeline.js]
[www.cafezouk.com/revolution/js/extensions/revolution.extension.actions.min.js]
[www.cafezouk.com/revolution/js/extensions/revolution.extension.carousel.min.js]
[www.cafezouk.com/revolution/js/extensions/revolution.extension.kenburn.min.js]
[www.cafezouk.com/revolution/js/extensions/revolution.extension.layeranimation.min.js]
[www.cafezouk.com/revolution/js/extensions/revolution.extension.migration.min.js]
[www.cafezouk.com/revolution/js/extensions/revolution.extension.navigation.min.js]
[www.cafezouk.com/revolution/js/extensions/revolution.extension.parallax.min.js]
[www.cafezouk.com/revolution/js/extensions/revolution.extension.slideanims.min.js]
[www.cafezouk.com/revolution/js/extensions/revolution.extension.video.min.js]
[www.cafezouk.com/js/custom.js]
[www.cafezouk.com/index.html]
[www.cafezouk.com/fonts/fontawesome-webfonte0a5.eot]
[www.cafezouk.com/fonts/fontawesome-webfontd41d.eot]
[www.cafezouk.com/fonts/fontawesome-webfonte0a5.woff2]
[www.cafezouk.com/fonts/fontawesome-webfonte0a5.woff]
[www.cafezouk.com/fonts/fontawesome-webfonte0a5.ttf]
[www.cafezouk.com/css/icon-font/font-awesome.css]
[www.cafezouk.com/fonts/pe-icon/Pe-icon-7-strokea93c.eot]
[www.cafezouk.com/fonts/pe-icon/Pe-icon-7-stroked41d.eot]
[www.cafezouk.com/fonts/pe-icon/Pe-icon-7-strokea93c.woff]
[www.cafezouk.com/fonts/pe-icon/Pe-icon-7-strokea93c.ttf]
[www.cafezouk.com/fonts/pe-icon/Pe-icon-7-filled7f7b.eot]
[www.cafezouk.com/fonts/pe-icon/Pe-icon-7-filledd41d.eot]
[www.cafezouk.com/fonts/pe-icon/Pe-icon-7-filled7f7b.woff]
[www.cafezouk.com/fonts/pe-icon/Pe-icon-7-filled7f7b.ttf]
[www.cafezouk.com/css/icon-font/pe-icon-7.css]
[www.cafezouk.com/css/bootstrap.min.css]
[www.cafezouk.com/css/animsition.css]
[www.cafezouk.com/revolution/fonts/revicons/revicons90c6.eot]
[www.cafezouk.com/revolution/fonts/revicons/revicons90c6.woff]
[www.cafezouk.com/revolution/fonts/revicons/revicons90c6.ttf]
[www.cafezouk.com/revolution/assets/gridtile.png]
[www.cafezouk.com/revolution/assets/gridtile_white.png]
[www.cafezouk.com/revolution/assets/gridtile_3x3.png]
[www.cafezouk.com/revolution/assets/gridtile_3x3_white.png]
[www.cafezouk.com/revolution/assets/coloredbg.png]
[www.cafezouk.com/revolution/assets/loader.gif]
[www.cafezouk.com/revolution/css/settings.css]
[www.cafezouk.com/revolution/css/layers.css]
[www.cafezouk.com/revolution/css/navigation.css]
[www.cafezouk.com/images/hero-img/2.jpg]
[www.cafezouk.com/images/pattern/shape-w.png]
[www.cafezouk.com/images/hero-img/separatore-starter.jpg]
[www.cafezouk.com/images/hero-img/separatore-main.jpg]
[www.cafezouk.com/images/hero-img/separatore-indulge.jpg]
[www.cafezouk.com/images/hero-img/separatore-drink.jpg]
[www.cafezouk.com/images/pattern/pattern-dot.png]
[www.cafezouk.com/images/pattern/bg-texture-white.png]
[www.cafezouk.com/images/pattern/pattern-dark.jpg]
[www.cafezouk.com/images/scene/cap.png]
[www.cafezouk.com/images/scene/iphone.png]
[www.cafezouk.com/images/scene/crumbs.png]
[www.cafezouk.com/images/scene/flour-glass.png]
[www.cafezouk.com/images/scene/flour.png]
[www.cafezouk.com/images/scene/bread.png]
[www.cafezouk.com/images/scene/breadroll-01.png]
[www.cafezouk.com/images/scene/breadroll-02.png]
[www.cafezouk.com/images/scene/spatula.png]
[www.cafezouk.com/images/scene/wood-spoon.png]
[www.cafezouk.com/images/cbp-loading-popup.gif]
[www.cafezouk.com/images/grab.png]
[www.cafezouk.com/images/grabbing.png]
[www.cafezouk.com/images/ajax-loader.gif]
[www.cafezouk.com/css/style.css]
[www.cafezouk.com/index-2.html]
[www.cafezouk.com/order-online.html]
[connect.facebook.net/en_US/fbevents.js]
[www.cafezouk.com/food-menu/item-1.html]
[www.cafezouk.com/food-menu/item-2.html]
[www.cafezouk.com/food-menu/item-3.html]
[www.cafezouk.com/food-menu/item-4.html]
[www.cafezouk.com/food-menu/item-5.html]
[www.cafezouk.com/food-menu/item-6.html]
[www.cafezouk.com/food-menu/item-7.html]
[www.cafezouk.com/food-menu/item-8.html]
[www.cafezouk.com/fonts/fontawesome-webfonte0a5.svg]
[www.cafezouk.com/fonts/pe-icon/Pe-icon-7-strokea93c.svg]
[www.cafezouk.com/fonts/pe-icon/Pe-icon-7-filled7f7b.svg]
[www.cafezouk.com/fonts/glyphicons-halflings-regular.html]
[www.cafezouk.com/fonts/glyphicons-halflings-regulard41d.html]
[www.cafezouk.com/fonts/glyphicons-halflings-regular-2.html]
[www.cafezouk.com/fonts/glyphicons-halflings-regular-3.html]
[www.cafezouk.com/fonts/glyphicons-halflings-regular-4.html]
[www.cafezouk.com/fonts/glyphicons-halflings-regular-5.html]
[www.cafezouk.com/revolution/fonts/revicons/revicons90c6.svg]
[www.cafezouk.com/revolution/css/openhand.html]
[www.cafezouk.com/revolution/css/closedhand.html]
[www.cafezouk.com/images/grid.html]
[www.cafezouk.com/css/images/bx_loader.html]
[www.cafezouk.com/css/images/controls.html]
[www.cafezouk.com/css/owl.video.play.html]
[www.cafezouk.com/images/cd-arrow.svg]
[www.cafezouk.com/js/jquery.magnific-popup.min.js]
[connect.facebook.net/en_US/fbevents.js]
[www.cafezouk.com/food-menu/css/style.html]
[www.cafezouk.com/food-menu/js/modernizr.html]
[www.cafezouk.com/food-menu/css/reset.html]
[www.cafezouk.com/POST.html]
[www.cafezouk.com/schema.org/index.html]
[www.cafezouk.com/b.html]
[www.cafezouk.com/signals/iwl.html]
[www.cafezouk.com/images/contact/reserve-sign-h.html]
[www.cafezouk.com/images/contact/reserve-h.jpg]
[www.cafezouk.com/a]
